// Jest Snapshot v1, https://goo.gl/fbAQLP

exports[`selectors: weather getWeatherEntities should return the entries value 1`] = `
Object {
  "1": Object {
    "id": 1,
  },
  "2": Object {
    "id": 2,
  },
}
`;

exports[`selectors: weather getWeatherEntitiesState should return the weather entries state 1`] = `"weathers state"`;

exports[`selectors: weather getWeatherState should return the root state sub state weathers  1`] = `
Object {
  "weathers": "weathers state",
}
`;
