// Jest Snapshot v1, https://goo.gl/fbAQLP

exports[`selectors: weather view page getViewPageError should return if the status is error 1`] = `true`;

exports[`selectors: weather view page getViewPageForecast should return the matching forecast 1`] = `"forecast from state"`;

exports[`selectors: weather view page getViewPageId should return the id 1`] = `1234`;

exports[`selectors: weather view page getViewPageLoaded should return if the status is loaded 1`] = `true`;

exports[`selectors: weather view page getViewPageLoading should return if the status is loading 1`] = `true`;

exports[`selectors: weather view page getViewPageNextDaysForecast should return the predicted next days forecast 1`] = `
Object {
  "2019-10-11": Object {
    "main": Object {
      "temp": 20.33,
      "temp_max": 23,
      "temp_min": 17,
    },
    "period": "2019-10-11",
    "weather": Object {
      "description": "mist",
      "icon": "50d",
      "id": 701,
      "main": "Mist",
    },
  },
  "2019-10-12": Object {
    "main": Object {
      "temp": -2.67,
      "temp_max": 5,
      "temp_min": -10,
    },
    "period": "2019-10-12",
    "weather": Object {
      "description": "overcast clouds",
      "icon": "04d",
      "id": 804,
      "main": "Clouds",
    },
  },
}
`;

exports[`selectors: weather view page getViewPageNextDaysHourlyForecast should return the weather next days hourly forecast 1`] = `
Object {
  "2019-10-11": "tomorrow forecast from state",
  "2019-10-12": "after tomorrow forecast from state",
}
`;

exports[`selectors: weather view page getViewPageState should return the weather viewPage state 1`] = `
Object {
  "state": "weathers viewPage",
}
`;

exports[`selectors: weather view page getViewPageTodayHourlyForecast should return the weather today\`s hourly forecast 1`] = `"today forecast from state"`;

exports[`selectors: weather view page getViewPageWeather should return the matching weather 1`] = `"weather from state"`;
