// Jest Snapshot v1, https://goo.gl/fbAQLP

exports[`component: WeatherSearch render the component 1`] = `
<div>
  <div
    class="Layout"
  >
    <div
      class="makeStyles-root-1"
    >
      <div
        class="MuiPaper-root MuiPaper-elevation1 MuiPaper-rounded"
      >
        <div
          class="WeatherSearchForm"
        >
          {"weathers":[],"loaded":false,"loading":false,"error":false}
        </div>
      </div>
    </div>
  </div>
</div>
`;

exports[`component: WeatherSearch weathers is set send the weathers to WeatherSearchResult 1`] = `2`;
