// Jest Snapshot v1, https://goo.gl/fbAQLP

exports[`fetch: loadWeatherFetch call with a query should call the api and return the response 1`] = `
Array [
  Array [
    Object {
      "method": "get",
      "params": Object {
        "appid": "{WEATHER_APPID}",
        "id": 111,
        "units": "metric",
      },
      "url": "undefined/weather",
    },
  ],
]
`;

exports[`fetch: loadWeatherFetch call with a query should call the api and return the response 2`] = `"the response"`;
